Internal Markdown links: OK
Requirement traceability: OK (103 IDs)
Fixture semantic checks: OK (10 files)
TOOLCHAIN python=3.12.13 compiler=zig version=0.15.2 target_contract=native-x86_64-hosted
PASS lab=G1.1 cases=A optimization=0 public-cases
PASS lab=G1.1 cases=A optimization=2 public-cases
PASS lab=G1.1 mutant=1 killed
PASS lab=G1.1 mutant=2 killed
PASS lab=G1.1 mutant=3 killed
PASS lab=G1.1 mutant=4 killed
PASS lab=G1.2 cases=A optimization=0 public-cases
PASS lab=G1.2 cases=A optimization=2 public-cases
PASS lab=G1.2 mutant=20 killed
PASS lab=G1.3 cases=A optimization=0 public-cases
PASS lab=G1.3 cases=A optimization=2 public-cases
PASS lab=G1.3 mutant=30 killed
PASS lab=G1.3 mutant=31 killed
PASS lab=G1.3 compile-fail=zero-capacity
PASS lab=G1.4 cases=A optimization=0 public-cases
PASS lab=G1.4 cases=A optimization=2 public-cases
PASS lab=G1.4 mutant=40 killed
PASS lab=G1.4 mutant=41 killed
PASS lab=G1.4 mutant=42 killed
PASS lab=G1.4 mutant=43 killed
PASS lab=G1.4 mutant=44 killed
PASS lab=G1.5 cases=A optimization=0 public-cases
PASS lab=G1.5 cases=A optimization=2 public-cases
PASS lab=G1.5 mutant=50 killed
PASS lab=G1.5 mutant=51 killed
PASS lab=G1.5 mutant=52 killed
PASS lab=G1.5 mutant=53 killed
G1 harness: PASS
TOOLCHAIN python=3.12.13 compiler=zig version=0.15.2 target_contract=native-x86_64-hosted
PASS lab=G1.1 cases=B optimization=0 public-cases
PASS lab=G1.1 cases=B optimization=2 public-cases
PASS lab=G1.2 cases=B optimization=0 public-cases
PASS lab=G1.2 cases=B optimization=2 public-cases
PASS lab=G1.3 cases=B optimization=0 public-cases
PASS lab=G1.3 cases=B optimization=2 public-cases
PASS lab=G1.4 cases=B optimization=0 public-cases
PASS lab=G1.4 cases=B optimization=2 public-cases
PASS lab=G1.5 cases=B optimization=0 public-cases
PASS lab=G1.5 cases=B optimization=2 public-cases
G1 harness: PASS
TOOLCHAIN python=3.12.13 compiler=zig-c++ version=0.15.2 target_contract=native-x86_64-hosted-c++20
PASS lab=G2.1 cases=A optimization=0
PASS lab=G2.1 cases=A optimization=2
PASS lab=G2.1 mutant=101 killed
PASS lab=G2.1 mutant=102 killed
PASS lab=G2.2 cases=A optimization=0
PASS lab=G2.2 cases=A optimization=2
PASS lab=G2.2 mutant=201 killed
PASS lab=G2.2 mutant=202 killed
PASS lab=G2.2 mutant=203 killed
PASS lab=G2.3 cases=A optimization=0
PASS lab=G2.3 cases=A optimization=2
PASS lab=G2.3 mutant=301 killed
PASS lab=G2.3 mutant=302 killed=timeout
PASS lab=G2.4 cases=A optimization=0
PASS lab=G2.4 cases=A optimization=2
PASS lab=G2.4 mutant=401 killed
PASS lab=G2.4 mutant=402 killed
PASS lab=G2.4 mutant=403 killed
PASS lab=G2.4 c17-header=compatible
PASS lab=G2.4 abi-target=thumb-freestanding-eabi variants=3 text-bytes=64 relocations=149
PASS lab=G2.4 abi-target=aarch64-freestanding-none variants=3 text-bytes=108 relocations=125
G2 harness: PASS
TOOLCHAIN python=3.12.13 compiler=zig-c++ version=0.15.2 target_contract=native-x86_64-hosted-c++20
PASS lab=G2.1 cases=B optimization=0
PASS lab=G2.1 cases=B optimization=2
PASS lab=G2.2 cases=B optimization=0
PASS lab=G2.2 cases=B optimization=2
PASS lab=G2.3 cases=B optimization=0
PASS lab=G2.3 cases=B optimization=2
PASS lab=G2.4 cases=B optimization=0
PASS lab=G2.4 cases=B optimization=2
G2 harness: PASS
STRUCTURE_PASS G10.1-MAP profile=harness nodes=11 edges=11 citations=1 statuses=Mapped:0,Partial:11,Missing:0,Out of scope:0 review=Pending semantic_claim=Unreviewed
PASS negative=artifact-phase expected=E_PHASE observed=E_PHASE
PASS negative=role-coverage expected=E_GRAPH_COVERAGE,E_PHASE,E_SCOPE_CLAIM observed=E_GRAPH_COVERAGE,E_PHASE,E_SCOPE_CLAIM
PASS negative=edge-reference expected=E_EDGE_REF observed=E_EDGE_REF
PASS negative=owner-conflict expected=E_OWNER_BOUNDARY observed=E_OWNER_BOUNDARY
PASS negative=scope-overclaim expected=E_SCOPE_CLAIM observed=E_SCOPE_CLAIM
PASS negative=summary-drift expected=E_SUMMARY observed=E_SUMMARY
PASS negative=profile-downgrade expected=E_PROFILE_DOWNGRADE observed=E_PROFILE_DOWNGRADE
PASS negative=all-missing expected=E_MAPPING_INCOMPLETE observed=E_MAPPING_INCOMPLETE
PASS negative=gibberish-claim expected=E_SCOPE_CLAIM observed=E_SCOPE_CLAIM
PASS negative=binding-reference expected=E_BINDING observed=E_BINDING
PASS negative=self-loop-only expected=E_EDGE_SEMANTICS,E_GRAPH_CONNECTIVITY observed=E_EDGE_SEMANTICS,E_GRAPH_CONNECTIVITY
PASS negative=reversed-edge expected=E_EDGE_SEMANTICS,E_GRAPH_CONNECTIVITY observed=E_EDGE_SEMANTICS,E_GRAPH_CONNECTIVITY
PASS negative=missing-required-edge expected=E_GRAPH_CONNECTIVITY observed=E_GRAPH_CONNECTIVITY
PASS negative=production-overclaim expected=E_SCOPE_CLAIM observed=E_SCOPE_CLAIM
PASS negative=structured-conformance expected=E_SCOPE_CLAIM observed=E_SCOPE_CLAIM
PASS negative=reused-local-evidence expected=E_LOCAL_EVIDENCE_DIVERSITY observed=E_LOCAL_EVIDENCE_DIVERSITY
PASS negative=production-grade-series-deployment expected=E_SCOPE_CLAIM observed=E_SCOPE_CLAIM
PASS negative=korean-conformance-overclaim expected=E_SCOPE_CLAIM observed=E_SCOPE_CLAIM
PASS negative=claim-status-conflict expected=E_SCOPE_CLAIM observed=E_SCOPE_CLAIM
PASS negative=customer-vehicle-overclaim expected=E_SCOPE_CLAIM observed=E_SCOPE_CLAIM
PASS negative=korean-oem-overclaim expected=E_SCOPE_CLAIM observed=E_SCOPE_CLAIM
PASS negative=unstructured-claim-field expected=E_NODE_FIELD observed=E_NODE_FIELD
PASS negative=novel-fleet-rollout-overclaim expected=E_SCOPE_CLAIM observed=E_SCOPE_CLAIM
PASS negative=novel-korean-customer-overclaim expected=E_SCOPE_CLAIM observed=E_SCOPE_CLAIM
PASS negative=closed-readiness-tamper expected=E_SCOPE_CLAIM observed=E_SCOPE_CLAIM
PASS negative=forged-review expected=E_REVIEW,E_REVIEW_TRUST observed=E_REVIEW,E_REVIEW_TRUST
G10.1 harness: PASS (1 valid, 26 negative cases)
G10.1 unit tests: OK (14 tests)
Documentation integrity checks: OK
