STRUCTURE_PASS G10.1-MAP profile=harness nodes=11 edges=11 citations=1 statuses=Mapped:0,Partial:11,Missing:0,Out of scope:0 review=Pending semantic_claim=Unreviewed
PASS negative=artifact-phase expected=E_PHASE observed=E_PHASE
PASS negative=role-coverage expected=E_GRAPH_COVERAGE,E_PHASE,E_SCOPE_CLAIM observed=E_GRAPH_COVERAGE,E_PHASE,E_SCOPE_CLAIM
PASS negative=edge-reference expected=E_EDGE_REF observed=E_EDGE_REF
PASS negative=owner-conflict expected=E_OWNER_BOUNDARY observed=E_OWNER_BOUNDARY
PASS negative=scope-overclaim expected=E_SCOPE_CLAIM observed=E_SCOPE_CLAIM
PASS negative=summary-drift expected=E_SUMMARY observed=E_SUMMARY
PASS negative=profile-downgrade expected=E_PROFILE_DOWNGRADE observed=E_PROFILE_DOWNGRADE
PASS negative=all-missing expected=E_MAPPING_INCOMPLETE observed=E_MAPPING_INCOMPLETE
PASS negative=gibberish-claim expected=E_SCOPE_CLAIM observed=E_SCOPE_CLAIM
PASS negative=binding-reference expected=E_BINDING observed=E_BINDING
PASS negative=self-loop-only expected=E_EDGE_SEMANTICS,E_GRAPH_CONNECTIVITY observed=E_EDGE_SEMANTICS,E_GRAPH_CONNECTIVITY
PASS negative=reversed-edge expected=E_EDGE_SEMANTICS,E_GRAPH_CONNECTIVITY observed=E_EDGE_SEMANTICS,E_GRAPH_CONNECTIVITY
PASS negative=missing-required-edge expected=E_GRAPH_CONNECTIVITY observed=E_GRAPH_CONNECTIVITY
PASS negative=production-overclaim expected=E_SCOPE_CLAIM observed=E_SCOPE_CLAIM
PASS negative=structured-conformance expected=E_SCOPE_CLAIM observed=E_SCOPE_CLAIM
PASS negative=reused-local-evidence expected=E_LOCAL_EVIDENCE_DIVERSITY observed=E_LOCAL_EVIDENCE_DIVERSITY
PASS negative=production-grade-series-deployment expected=E_SCOPE_CLAIM observed=E_SCOPE_CLAIM
PASS negative=korean-conformance-overclaim expected=E_SCOPE_CLAIM observed=E_SCOPE_CLAIM
PASS negative=claim-status-conflict expected=E_SCOPE_CLAIM observed=E_SCOPE_CLAIM
PASS negative=customer-vehicle-overclaim expected=E_SCOPE_CLAIM observed=E_SCOPE_CLAIM
PASS negative=korean-oem-overclaim expected=E_SCOPE_CLAIM observed=E_SCOPE_CLAIM
PASS negative=unstructured-claim-field expected=E_NODE_FIELD observed=E_NODE_FIELD
PASS negative=novel-fleet-rollout-overclaim expected=E_SCOPE_CLAIM observed=E_SCOPE_CLAIM
PASS negative=novel-korean-customer-overclaim expected=E_SCOPE_CLAIM observed=E_SCOPE_CLAIM
PASS negative=closed-readiness-tamper expected=E_SCOPE_CLAIM observed=E_SCOPE_CLAIM
PASS negative=forged-review expected=E_REVIEW,E_REVIEW_TRUST observed=E_REVIEW,E_REVIEW_TRUST
G10.1 harness: PASS (1 valid, 26 negative cases)
